Keras backend: jax
Train: 60,000  |  Test: 10,000
Model: "PlainNet"
┏━━━━━━━━━━━━━━━━━━━━━━━━━━━━━━━━━━━━━━┳━━━━━━━━━━━━━━━━━━━━━━━━━━━━━┳━━━━━━━━━━━━━━━━━┓
┃ Layer (type)                         ┃ Output Shape                ┃         Param # ┃
┡━━━━━━━━━━━━━━━━━━━━━━━━━━━━━━━━━━━━━━╇━━━━━━━━━━━━━━━━━━━━━━━━━━━━━╇━━━━━━━━━━━━━━━━━┩
│ dense (Dense)                        │ (None, 512)                 │         401,920 │
├──────────────────────────────────────┼─────────────────────────────┼─────────────────┤
│ dense_1 (Dense)                      │ (None, 256)                 │         131,328 │
├──────────────────────────────────────┼─────────────────────────────┼─────────────────┤
│ dense_2 (Dense)                      │ (None, 128)                 │          32,896 │
├──────────────────────────────────────┼─────────────────────────────┼─────────────────┤
│ dense_3 (Dense)                      │ (None, 10)                  │           1,290 │
└──────────────────────────────────────┴─────────────────────────────┴─────────────────┘
 Total params: 567,434 (2.16 MB)
 Trainable params: 567,434 (2.16 MB)
 Non-trainable params: 0 (0.00 B)

───────────────────────────────────────────────────────
  Training : Plain Network
───────────────────────────────────────────────────────
Epoch 1/10
200/200 ━━━━━━━━━━━━━━━━━━━━ 3s 11ms/step - accuracy: 0.9131 - loss: 0.2994 - val_accuracy: 0.9644 - val_loss: 0.1148 - learning_rate: 0.0010
Epoch 2/10
200/200 ━━━━━━━━━━━━━━━━━━━━ 1s 7ms/step - accuracy: 0.9697 - loss: 0.1025 - val_accuracy: 0.9739 - val_loss: 0.0949 - learning_rate: 0.0010
Epoch 3/10
200/200 ━━━━━━━━━━━━━━━━━━━━ 1s 6ms/step - accuracy: 0.9803 - loss: 0.0634 - val_accuracy: 0.9707 - val_loss: 0.0917 - learning_rate: 0.0010
Epoch 4/10
200/200 ━━━━━━━━━━━━━━━━━━━━ 1s 6ms/step - accuracy: 0.9854 - loss: 0.0458 - val_accuracy: 0.9774 - val_loss: 0.0795 - learning_rate: 0.0010
Epoch 5/10
200/200 ━━━━━━━━━━━━━━━━━━━━ 1s 6ms/step - accuracy: 0.9905 - loss: 0.0307 - val_accuracy: 0.9774 - val_loss: 0.0777 - learning_rate: 0.0010
Epoch 6/10
200/200 ━━━━━━━━━━━━━━━━━━━━ 1s 6ms/step - accuracy: 0.9927 - loss: 0.0229 - val_accuracy: 0.9762 - val_loss: 0.0821 - learning_rate: 0.0010
Epoch 7/10
200/200 ━━━━━━━━━━━━━━━━━━━━ 1s 6ms/step - accuracy: 0.9932 - loss: 0.0203 - val_accuracy: 0.9799 - val_loss: 0.0805 - learning_rate: 0.0010
Epoch 8/10
200/200 ━━━━━━━━━━━━━━━━━━━━ 1s 6ms/step - accuracy: 0.9944 - loss: 0.0178 - val_accuracy: 0.9782 - val_loss: 0.0827 - learning_rate: 0.0010
Epoch 9/10
200/200 ━━━━━━━━━━━━━━━━━━━━ 1s 6ms/step - accuracy: 0.9970 - loss: 0.0103 - val_accuracy: 0.9773 - val_loss: 0.0986 - learning_rate: 0.0010
Epoch 10/10
200/200 ━━━━━━━━━━━━━━━━━━━━ 1s 6ms/step - accuracy: 0.9966 - loss: 0.0106 - val_accuracy: 0.9777 - val_loss: 0.1020 - learning_rate: 0.0010
  ✓ Test accuracy (Plain Network): 97.56%
Model: "DropBN_Net"
┏━━━━━━━━━━━━━━━━━━━━━━━━━━━━━━━━━━━━━━┳━━━━━━━━━━━━━━━━━━━━━━━━━━━━━┳━━━━━━━━━━━━━━━━━┓
┃ Layer (type)                         ┃ Output Shape                ┃         Param # ┃
┡━━━━━━━━━━━━━━━━━━━━━━━━━━━━━━━━━━━━━━╇━━━━━━━━━━━━━━━━━━━━━━━━━━━━━╇━━━━━━━━━━━━━━━━━┩
│ dense_4 (Dense)                      │ (None, 512)                 │         401,920 │
├──────────────────────────────────────┼─────────────────────────────┼─────────────────┤
│ batch_normalization                  │ (None, 512)                 │           2,048 │
│ (BatchNormalization)                 │                             │                 │
├──────────────────────────────────────┼─────────────────────────────┼─────────────────┤
│ activation (Activation)              │ (None, 512)                 │               0 │
├──────────────────────────────────────┼─────────────────────────────┼─────────────────┤
│ dropout (Dropout)                    │ (None, 512)                 │               0 │
├──────────────────────────────────────┼─────────────────────────────┼─────────────────┤
│ dense_5 (Dense)                      │ (None, 256)                 │         131,328 │
├──────────────────────────────────────┼─────────────────────────────┼─────────────────┤
│ batch_normalization_1                │ (None, 256)                 │           1,024 │
│ (BatchNormalization)                 │                             │                 │
├──────────────────────────────────────┼─────────────────────────────┼─────────────────┤
│ activation_1 (Activation)            │ (None, 256)                 │               0 │
├──────────────────────────────────────┼─────────────────────────────┼─────────────────┤
│ dropout_1 (Dropout)                  │ (None, 256)                 │               0 │
├──────────────────────────────────────┼─────────────────────────────┼─────────────────┤
│ dense_6 (Dense)                      │ (None, 128)                 │          32,896 │
├──────────────────────────────────────┼─────────────────────────────┼─────────────────┤
│ batch_normalization_2                │ (None, 128)                 │             512 │
│ (BatchNormalization)                 │                             │                 │
├──────────────────────────────────────┼─────────────────────────────┼─────────────────┤
│ activation_2 (Activation)            │ (None, 128)                 │               0 │
├──────────────────────────────────────┼─────────────────────────────┼─────────────────┤
│ dropout_2 (Dropout)                  │ (None, 128)                 │               0 │
├──────────────────────────────────────┼─────────────────────────────┼─────────────────┤
│ dense_7 (Dense)                      │ (None, 10)                  │           1,290 │
└──────────────────────────────────────┴─────────────────────────────┴─────────────────┘
 Total params: 571,018 (2.18 MB)
 Trainable params: 569,226 (2.17 MB)
 Non-trainable params: 1,792 (7.00 KB)

───────────────────────────────────────────────────────
  Training : Dropout + BatchNorm
───────────────────────────────────────────────────────
Epoch 1/10
200/200 ━━━━━━━━━━━━━━━━━━━━ 4s 15ms/step - accuracy: 0.9041 - loss: 0.3243 - val_accuracy: 0.9658 - val_loss: 0.1345 - learning_rate: 0.0010
Epoch 2/10
200/200 ━━━━━━━━━━━━━━━━━━━━ 2s 9ms/step - accuracy: 0.9625 - loss: 0.1279 - val_accuracy: 0.9708 - val_loss: 0.0933 - learning_rate: 0.0010
Epoch 3/10
200/200 ━━━━━━━━━━━━━━━━━━━━ 2s 9ms/step - accuracy: 0.9724 - loss: 0.0905 - val_accuracy: 0.9763 - val_loss: 0.0760 - learning_rate: 0.0010
Epoch 4/10
200/200 ━━━━━━━━━━━━━━━━━━━━ 2s 9ms/step - accuracy: 0.9769 - loss: 0.0728 - val_accuracy: 0.9786 - val_loss: 0.0751 - learning_rate: 0.0010
Epoch 5/10
200/200 ━━━━━━━━━━━━━━━━━━━━ 2s 9ms/step - accuracy: 0.9811 - loss: 0.0591 - val_accuracy: 0.9803 - val_loss: 0.0668 - learning_rate: 0.0010
Epoch 6/10
200/200 ━━━━━━━━━━━━━━━━━━━━ 2s 9ms/step - accuracy: 0.9841 - loss: 0.0486 - val_accuracy: 0.9786 - val_loss: 0.0742 - learning_rate: 0.0010
Epoch 7/10
200/200 ━━━━━━━━━━━━━━━━━━━━ 2s 9ms/step - accuracy: 0.9855 - loss: 0.0447 - val_accuracy: 0.9804 - val_loss: 0.0663 - learning_rate: 0.0010
Epoch 8/10
200/200 ━━━━━━━━━━━━━━━━━━━━ 2s 9ms/step - accuracy: 0.9874 - loss: 0.0382 - val_accuracy: 0.9834 - val_loss: 0.0624 - learning_rate: 0.0010
Epoch 9/10
200/200 ━━━━━━━━━━━━━━━━━━━━ 2s 9ms/step - accuracy: 0.9885 - loss: 0.0340 - val_accuracy: 0.9814 - val_loss: 0.0688 - learning_rate: 0.0010
Epoch 10/10
200/200 ━━━━━━━━━━━━━━━━━━━━ 2s 9ms/step - accuracy: 0.9908 - loss: 0.0275 - val_accuracy: 0.9800 - val_loss: 0.0748 - learning_rate: 0.0010
  ✓ Test accuracy (Dropout + BatchNorm): 97.94%

✓ Plot saved → mnist_keras_comparison.png